// Jest Snapshot v1, https://goo.gl/fbAQLP

exports[`renders to home 1`] = `
<h2>
  Welcome to the Home
</h2>
`;
