// Jest Snapshot v1, https://goo.gl/fbAQLP

exports[`Renders Calculator Component 1`] = `
<div>
  <h4
    classname="quote"
  />
</div>
`;
